<object-stream>
  <project>
    <name>ounce-project-2</name>
    <projectRoot>.</projectRoot>
    <sourceRoots>
      <string>src/main/java</string>
      <string>src/test/java</string>
    </sourceRoots>
    <webRoot>target/mywebapp-location</webRoot>
    <classPath>${M2_REPO}/org/apache/maven/maven-artifact/2.0.6/maven-artifact-2.0.6.jar;${M2_REPO}/org/codehaus/plexus/plexus-utils/1.4.1/plexus-utils-1.4.1.jar;target/classes;target/test-classes</classPath>
    <jdkName>myJDK</jdkName>
    <packaging>war</packaging>
    <includes>
      <string>**/*.java</string>
    </includes>
    <excludes>
      <string>**/*.xml</string>
    </excludes>
    <compilerOptions>
      <debug>false</debug>
      <verbose>true</verbose>
      <showDeprecation>true</showDeprecation>
      <optimize>false</optimize>
      <showWarnings>true</showWarnings>
      <source>1.6</source>
      <target>1.5</target>
      <encoding>UTF-8</encoding>
    </compilerOptions>
  </project>
</object-stream>