<object-stream>
  <application>
    <name>ounce-application-6</name>
    <applicationRoot>.</applicationRoot>
    <projects>
      <project>
        <name>ounce-application-6</name>
        <path>.</path>
      </project>
    </projects>
    <identifier>ounce-application-6</identifier>
  </application>
</object-stream>