<object-stream>
  <application>
    <name>ounce-application-2</name>
    <applicationRoot>.</applicationRoot>
    <projects>
      <project>
        <name>ounce-application-a</name>
        <path>a</path>
      </project>
    </projects>
    <identifier>ounce-application-2</identifier>
  </application>
</object-stream>