<object-stream>
  <scan>
    <applicationFile>${basedir}/ounce-scan-2.paf</applicationFile>
    <assessmentName>scan-2</assessmentName>
    <publish>false</publish>
  </scan>
</object-stream>